[{"op":"add","path":"/Key/Subkey","value":"Value"}]