{
  "Description": "Test",
  "Resources": {
    "Templated": {
      "Fn::Join": [
        "",
        [
          "Nashorn World\n"
        ]
      ]
    }
  },
  "Outputs": {},
  "AWSTemplateFormatVersion": "2010-09-09"
}