{
  "Description": "Test",
  "Resources": {
    "Templated": {
      "Fn::Join": [
        "",
        [
          "Include inline ",
          {
            "Ref": "AWS::Region"
          },
          " pseudo params for your ",
          {
            "Ref": "AWS::AccountId"
          },
          " template\n"
        ]
      ]
    }
  },
  "Outputs": {},
  "AWSTemplateFormatVersion": "2010-09-09"
}